[2026-06-04 22:18:47] local.ERROR: No application encryption key has been specified. {"exception":"[object] (Illuminate\\Encryption\\MissingAppKeyException(code: 0): No application encryption key has been specified. at /Users/yasser/Desktop/Clients/SPRichards/Phase 2 Delivrability/Version 3/emailvalidator/vendor/laravel/framework/src/Illuminate/Encryption/EncryptionServiceProvider.php:79)
[stacktrace]
#0 /Users/yasser/Desktop/Clients/SPRichards/Phase 2 Delivrability/Version 3/emailvalidator/vendor/laravel/framework/src/Illuminate/Support/helpers.php(307): Illuminate\\Encryption\\EncryptionServiceProvider->Illuminate\\Encryption\\{closure}('')
#1 /Users/yasser/Desktop/Clients/SPRichards/Phase 2 Delivrability/Version 3/emailvalidator/vendor/laravel/framework/src/Illuminate/Encryption/EncryptionServiceProvider.php(77): tap('', Object(Closure))
#2 /Users/yasser/Desktop/Clients/SPRichards/Phase 2 Delivrability/Version 3/emailvalidator/vendor/laravel/framework/src/Illuminate/Encryption/EncryptionServiceProvider.php(60): Illuminate\\Encryption\\EncryptionServiceProvider->key(Array)
#3 /Users/yasser/Desktop/Clients/SPRichards/Phase 2 Delivrability/Version 3/emailvalidator/vendor/laravel/framework/src/Illuminate/Encryption/EncryptionServiceProvider.php(32): Illuminate\\Encryption\\EncryptionServiceProvider->parseKey(Array)
#4 /Users/yasser/Desktop/Clients/SPRichards/Phase 2 Delivrability/Version 3/emailvalidator/vendor/laravel/framework/src/Illuminate/Container/Container.php(908): Illuminate\\Encryption\\EncryptionServiceProvider->Illuminate\\Encryption\\{closure}(Object(Illuminate\\Foundation\\Application), Array)
#5 /Users/yasser/Desktop/Clients/SPRichards/Phase 2 Delivrability/Version 3/emailvalidator/vendor/laravel/framework/src/Illuminate/Container/Container.php(795): Illuminate\\Container\\Container->build(Object(Closure))
#6 /Users/yasser/Desktop/Clients/SPRichards/Phase 2 Delivrability/Version 3/emailvalidator/vendor/laravel/framework/src/Illuminate/Foundation/Application.php(961): Illuminate\\Container\\Container->resolve('encrypter', Array, true)
#7 /Users/yasser/Desktop/Clients/SPRichards/Phase 2 Delivrability/Version 3/emailvalidator/vendor/laravel/framework/src/Illuminate/Container/Container.php(731): Illuminate\\Foundation\\Application->resolve('encrypter', Array)
#8 /Users/yasser/Desktop/Clients/SPRichards/Phase 2 Delivrability/Version 3/emailvalidator/vendor/laravel/framework/src/Illuminate/Foundation/Application.php(946): Illuminate\\Container\\Container->make('encrypter', Array)
#9 /Users/yasser/Desktop/Clients/SPRichards/Phase 2 Delivrability/Version 3/emailvalidator/vendor/laravel/framework/src/Illuminate/Container/Container.php(1066): Illuminate\\Foundation\\Application->make('encrypter')
#10 /Users/yasser/Desktop/Clients/SPRichards/Phase 2 Delivrability/Version 3/emailvalidator/vendor/laravel/framework/src/Illuminate/Container/Container.php(982): Illuminate\\Container\\Container->resolveClass(Object(ReflectionParameter))
#11 /Users/yasser/Desktop/Clients/SPRichards/Phase 2 Delivrability/Version 3/emailvalidator/vendor/laravel/framework/src/Illuminate/Container/Container.php(943): Illuminate\\Container\\Container->resolveDependencies(Array)
#12 /Users/yasser/Desktop/Clients/SPRichards/Phase 2 Delivrability/Version 3/emailvalidator/vendor/laravel/framework/src/Illuminate/Container/Container.php(795): Illuminate\\Container\\Container->build('App\\\\Http\\\\Middle...')
#13 /Users/yasser/Desktop/Clients/SPRichards/Phase 2 Delivrability/Version 3/emailvalidator/vendor/laravel/framework/src/Illuminate/Foundation/Application.php(961): Illuminate\\Container\\Container->resolve('App\\\\Http\\\\Middle...', Array, true)
#14 /Users/yasser/Desktop/Clients/SPRichards/Phase 2 Delivrability/Version 3/emailvalidator/vendor/laravel/framework/src/Illuminate/Container/Container.php(731): Illuminate\\Foundation\\Application->resolve('App\\\\Http\\\\Middle...', Array)
#15 /Users/yasser/Desktop/Clients/SPRichards/Phase 2 Delivrability/Version 3/emailvalidator/vendor/laravel/framework/src/Illuminate/Foundation/Application.php(946): Illuminate\\Container\\Container->make('App\\\\Http\\\\Middle...', Array)
#16 /Users/yasser/Desktop/Clients/SPRichards/Phase 2 Delivrability/Version 3/emailvalidator/vendor/laravel/framework/src/Illuminate/Pipeline/Pipeline.php(172): Illuminate\\Foundation\\Application->make('App\\\\Http\\\\Middle...')
#17 /Users/yasser/Desktop/Clients/SPRichards/Phase 2 Delivrability/Version 3/emailvalidator/vendor/laravel/framework/src/Illuminate/Pipeline/Pipeline.php(119): Illuminate\\Pipeline\\Pipeline->Illuminate\\Pipeline\\{closure}(Object(Illuminate\\Http\\Request))
#18 /Users/yasser/Desktop/Clients/SPRichards/Phase 2 Delivrability/Version 3/emailvalidator/vendor/laravel/framework/src/Illuminate/Routing/Router.php(805): Illuminate\\Pipeline\\Pipeline->then(Object(Closure))
#19 /Users/yasser/Desktop/Clients/SPRichards/Phase 2 Delivrability/Version 3/emailvalidator/vendor/laravel/framework/src/Illuminate/Routing/Router.php(784): Illuminate\\Routing\\Router->runRouteWithinStack(Object(Illuminate\\Routing\\Route), Object(Illuminate\\Http\\Request))
#20 /Users/yasser/Desktop/Clients/SPRichards/Phase 2 Delivrability/Version 3/emailvalidator/vendor/laravel/framework/src/Illuminate/Routing/Router.php(748): Illuminate\\Routing\\Router->runRoute(Object(Illuminate\\Http\\Request), Object(Illuminate\\Routing\\Route))
#21 /Users/yasser/Desktop/Clients/SPRichards/Phase 2 Delivrability/Version 3/emailvalidator/vendor/laravel/framework/src/Illuminate/Routing/Router.php(737): Illuminate\\Routing\\Router->dispatchToRoute(Object(Illuminate\\Http\\Request))
#22 /Users/yasser/Desktop/Clients/SPRichards/Phase 2 Delivrability/Version 3/emailvalidator/vendor/laravel/framework/src/Illuminate/Foundation/Http/Kernel.php(200): Illuminate\\Routing\\Router->dispatch(Object(Illuminate\\Http\\Request))
#23 /Users/yasser/Desktop/Clients/SPRichards/Phase 2 Delivrability/Version 3/emailvalidator/vendor/laravel/framework/src/Illuminate/Pipeline/Pipeline.php(144): Illuminate\\Foundation\\Http\\Kernel->Illuminate\\Foundation\\Http\\{closure}(Object(Illuminate\\Http\\Request))
#24 /Users/yasser/Desktop/Clients/SPRichards/Phase 2 Delivrability/Version 3/emailvalidator/vendor/laravel/framework/src/Illuminate/Foundation/Http/Middleware/TransformsRequest.php(21): Illuminate\\Pipeline\\Pipeline->Illuminate\\Pipeline\\{closure}(Object(Illuminate\\Http\\Request))
#25 /Users/yasser/Desktop/Clients/SPRichards/Phase 2 Delivrability/Version 3/emailvalidator/vendor/laravel/framework/src/Illuminate/Foundation/Http/Middleware/ConvertEmptyStringsToNull.php(31): Illuminate\\Foundation\\Http\\Middleware\\TransformsRequest->handle(Object(Illuminate\\Http\\Request), Object(Closure))
#26 /Users/yasser/Desktop/Clients/SPRichards/Phase 2 Delivrability/Version 3/emailvalidator/vendor/laravel/framework/src/Illuminate/Pipeline/Pipeline.php(183): Illuminate\\Foundation\\Http\\Middleware\\ConvertEmptyStringsToNull->handle(Object(Illuminate\\Http\\Request), Object(Closure))
#27 /Users/yasser/Desktop/Clients/SPRichards/Phase 2 Delivrability/Version 3/emailvalidator/vendor/laravel/framework/src/Illuminate/Foundation/Http/Middleware/TransformsRequest.php(21): Illuminate\\Pipeline\\Pipeline->Illuminate\\Pipeline\\{closure}(Object(Illuminate\\Http\\Request))
#28 /Users/yasser/Desktop/Clients/SPRichards/Phase 2 Delivrability/Version 3/emailvalidator/vendor/laravel/framework/src/Illuminate/Foundation/Http/Middleware/TrimStrings.php(40): Illuminate\\Foundation\\Http\\Middleware\\TransformsRequest->handle(Object(Illuminate\\Http\\Request), Object(Closure))
#29 /Users/yasser/Desktop/Clients/SPRichards/Phase 2 Delivrability/Version 3/emailvalidator/vendor/laravel/framework/src/Illuminate/Pipeline/Pipeline.php(183): Illuminate\\Foundation\\Http\\Middleware\\TrimStrings->handle(Object(Illuminate\\Http\\Request), Object(Closure))
#30 /Users/yasser/Desktop/Clients/SPRichards/Phase 2 Delivrability/Version 3/emailvalidator/vendor/laravel/framework/src/Illuminate/Foundation/Http/Middleware/ValidatePostSize.php(27): Illuminate\\Pipeline\\Pipeline->Illuminate\\Pipeline\\{closure}(Object(Illuminate\\Http\\Request))
#31 /Users/yasser/Desktop/Clients/SPRichards/Phase 2 Delivrability/Version 3/emailvalidator/vendor/laravel/framework/src/Illuminate/Pipeline/Pipeline.php(183): Illuminate\\Foundation\\Http\\Middleware\\ValidatePostSize->handle(Object(Illuminate\\Http\\Request), Object(Closure))
#32 /Users/yasser/Desktop/Clients/SPRichards/Phase 2 Delivrability/Version 3/emailvalidator/vendor/laravel/framework/src/Illuminate/Foundation/Http/Middleware/PreventRequestsDuringMaintenance.php(99): Illuminate\\Pipeline\\Pipeline->Illuminate\\Pipeline\\{closure}(Object(Illuminate\\Http\\Request))
#33 /Users/yasser/Desktop/Clients/SPRichards/Phase 2 Delivrability/Version 3/emailvalidator/vendor/laravel/framework/src/Illuminate/Pipeline/Pipeline.php(183): Illuminate\\Foundation\\Http\\Middleware\\PreventRequestsDuringMaintenance->handle(Object(Illuminate\\Http\\Request), Object(Closure))
#34 /Users/yasser/Desktop/Clients/SPRichards/Phase 2 Delivrability/Version 3/emailvalidator/vendor/laravel/framework/src/Illuminate/Pipeline/Pipeline.php(119): Illuminate\\Pipeline\\Pipeline->Illuminate\\Pipeline\\{closure}(Object(Illuminate\\Http\\Request))
#35 /Users/yasser/Desktop/Clients/SPRichards/Phase 2 Delivrability/Version 3/emailvalidator/vendor/laravel/framework/src/Illuminate/Foundation/Http/Kernel.php(175): Illuminate\\Pipeline\\Pipeline->then(Object(Closure))
#36 /Users/yasser/Desktop/Clients/SPRichards/Phase 2 Delivrability/Version 3/emailvalidator/vendor/laravel/framework/src/Illuminate/Foundation/Http/Kernel.php(144): Illuminate\\Foundation\\Http\\Kernel->sendRequestThroughRouter(Object(Illuminate\\Http\\Request))
#37 /Users/yasser/Desktop/Clients/SPRichards/Phase 2 Delivrability/Version 3/emailvalidator/public/index.php(54): Illuminate\\Foundation\\Http\\Kernel->handle(Object(Illuminate\\Http\\Request))
#38 /Users/yasser/Desktop/Clients/SPRichards/Phase 2 Delivrability/Version 3/emailvalidator/vendor/laravel/framework/src/Illuminate/Foundation/resources/server.php(16): require_once('/Users/yasser/D...')
#39 {main}
"} 
[2026-06-04 22:18:47] local.ERROR: No application encryption key has been specified. {"exception":"[object] (Illuminate\\Encryption\\MissingAppKeyException(code: 0): No application encryption key has been specified. at /Users/yasser/Desktop/Clients/SPRichards/Phase 2 Delivrability/Version 3/emailvalidator/vendor/laravel/framework/src/Illuminate/Encryption/EncryptionServiceProvider.php:79)
[stacktrace]
#0 /Users/yasser/Desktop/Clients/SPRichards/Phase 2 Delivrability/Version 3/emailvalidator/vendor/laravel/framework/src/Illuminate/Support/helpers.php(307): Illuminate\\Encryption\\EncryptionServiceProvider->Illuminate\\Encryption\\{closure}('')
#1 /Users/yasser/Desktop/Clients/SPRichards/Phase 2 Delivrability/Version 3/emailvalidator/vendor/laravel/framework/src/Illuminate/Encryption/EncryptionServiceProvider.php(77): tap('', Object(Closure))
#2 /Users/yasser/Desktop/Clients/SPRichards/Phase 2 Delivrability/Version 3/emailvalidator/vendor/laravel/framework/src/Illuminate/Encryption/EncryptionServiceProvider.php(60): Illuminate\\Encryption\\EncryptionServiceProvider->key(Array)
#3 /Users/yasser/Desktop/Clients/SPRichards/Phase 2 Delivrability/Version 3/emailvalidator/vendor/laravel/framework/src/Illuminate/Encryption/EncryptionServiceProvider.php(32): Illuminate\\Encryption\\EncryptionServiceProvider->parseKey(Array)
#4 /Users/yasser/Desktop/Clients/SPRichards/Phase 2 Delivrability/Version 3/emailvalidator/vendor/laravel/framework/src/Illuminate/Container/Container.php(908): Illuminate\\Encryption\\EncryptionServiceProvider->Illuminate\\Encryption\\{closure}(Object(Illuminate\\Foundation\\Application), Array)
#5 /Users/yasser/Desktop/Clients/SPRichards/Phase 2 Delivrability/Version 3/emailvalidator/vendor/laravel/framework/src/Illuminate/Container/Container.php(795): Illuminate\\Container\\Container->build(Object(Closure))
#6 /Users/yasser/Desktop/Clients/SPRichards/Phase 2 Delivrability/Version 3/emailvalidator/vendor/laravel/framework/src/Illuminate/Foundation/Application.php(961): Illuminate\\Container\\Container->resolve('encrypter', Array, true)
#7 /Users/yasser/Desktop/Clients/SPRichards/Phase 2 Delivrability/Version 3/emailvalidator/vendor/laravel/framework/src/Illuminate/Container/Container.php(731): Illuminate\\Foundation\\Application->resolve('encrypter', Array)
#8 /Users/yasser/Desktop/Clients/SPRichards/Phase 2 Delivrability/Version 3/emailvalidator/vendor/laravel/framework/src/Illuminate/Foundation/Application.php(946): Illuminate\\Container\\Container->make('encrypter', Array)
#9 /Users/yasser/Desktop/Clients/SPRichards/Phase 2 Delivrability/Version 3/emailvalidator/vendor/laravel/framework/src/Illuminate/Container/Container.php(1066): Illuminate\\Foundation\\Application->make('encrypter')
#10 /Users/yasser/Desktop/Clients/SPRichards/Phase 2 Delivrability/Version 3/emailvalidator/vendor/laravel/framework/src/Illuminate/Container/Container.php(982): Illuminate\\Container\\Container->resolveClass(Object(ReflectionParameter))
#11 /Users/yasser/Desktop/Clients/SPRichards/Phase 2 Delivrability/Version 3/emailvalidator/vendor/laravel/framework/src/Illuminate/Container/Container.php(943): Illuminate\\Container\\Container->resolveDependencies(Array)
#12 /Users/yasser/Desktop/Clients/SPRichards/Phase 2 Delivrability/Version 3/emailvalidator/vendor/laravel/framework/src/Illuminate/Container/Container.php(795): Illuminate\\Container\\Container->build('App\\\\Http\\\\Middle...')
#13 /Users/yasser/Desktop/Clients/SPRichards/Phase 2 Delivrability/Version 3/emailvalidator/vendor/laravel/framework/src/Illuminate/Foundation/Application.php(961): Illuminate\\Container\\Container->resolve('App\\\\Http\\\\Middle...', Array, true)
#14 /Users/yasser/Desktop/Clients/SPRichards/Phase 2 Delivrability/Version 3/emailvalidator/vendor/laravel/framework/src/Illuminate/Container/Container.php(731): Illuminate\\Foundation\\Application->resolve('App\\\\Http\\\\Middle...', Array)
#15 /Users/yasser/Desktop/Clients/SPRichards/Phase 2 Delivrability/Version 3/emailvalidator/vendor/laravel/framework/src/Illuminate/Foundation/Application.php(946): Illuminate\\Container\\Container->make('App\\\\Http\\\\Middle...', Array)
#16 /Users/yasser/Desktop/Clients/SPRichards/Phase 2 Delivrability/Version 3/emailvalidator/vendor/laravel/framework/src/Illuminate/Foundation/Http/Kernel.php(255): Illuminate\\Foundation\\Application->make('App\\\\Http\\\\Middle...')
#17 /Users/yasser/Desktop/Clients/SPRichards/Phase 2 Delivrability/Version 3/emailvalidator/vendor/laravel/framework/src/Illuminate/Foundation/Http/Kernel.php(213): Illuminate\\Foundation\\Http\\Kernel->terminateMiddleware(Object(Illuminate\\Http\\Request), Object(Illuminate\\Http\\Response))
#18 /Users/yasser/Desktop/Clients/SPRichards/Phase 2 Delivrability/Version 3/emailvalidator/public/index.php(60): Illuminate\\Foundation\\Http\\Kernel->terminate(Object(Illuminate\\Http\\Request), Object(Illuminate\\Http\\Response))
#19 /Users/yasser/Desktop/Clients/SPRichards/Phase 2 Delivrability/Version 3/emailvalidator/vendor/laravel/framework/src/Illuminate/Foundation/resources/server.php(16): require_once('/Users/yasser/D...')
#20 {main}
"} 
